# REPOSITORY: https://github.com/sbunkov/shadowrocket-configuration
# UPDATED: 2026-04-30
1cb.ru
1cupis.ru
1erc.ru
7305115.ru
abank.ru
abr.ru
absolut-trust.ru
absolutbank.com
absolutbank.ru
absolutvip.ru
aclub.ru
acquiring.delo.ru
agroros.ru
ai-bank.ru
akbars.ru
akbkeb.ru
akcept.ru
akibank.korona.net
akibank.ru
albank.ru
alefbank.com
alexbank.ru
alfa-bank.com
alfa-bank.ru
alfabank.com
alfabank.ru
alfafuture.com
alfafuture.ru
alfaleasing.ru
altbank.com
altynbank.com
amanatpay.ru
ankb.ru
apkbank.ru
ard.moscow
aresbank.ru
asia-pay.ru
astrasend.net
astrasend.ru
atb.su
atbbank.ru
auction.cebank.ru
autobahn.db.com
autofinancebank.ru
autokreditbank.ru
autotorgbank.ru
avangard.ru
aversbank.ru
baikalcredobank.ru
balakovo-bank.ru
baltbank.ru
bancaintesa.ru
bank-45.ru
bank-arzamas.ru
bank-credit-suisse-moscow.ru
bank-globus.ru
bank-hlynov.ru
bank-mscb.ru
bank-peresvet.ru
bank-rc.ru
bank-rk.ru
bank-zone.ru
bank45.ru
bankck.ru
bankd.ru
bankdom.ru
bankdomrf.ru
bankelita.ru
bankermak.ru
bankglobus.ru
bankhimik.ru
bankintegral.ru
bankkaluga.ru
bankkontinental.ru
bankmaxima.ru
bankofkazan.ru
bankofkazan.su
bankorange.ru
bankperm.ru
bankrmp.ru
bankrsi.ru
banksaratov.ru
bankstavr.ru
bankuralsib.ru
bankvl.ru
bankvyatich.ru
bbr.ru
bcosm.ru
bcs-bank.ru
bereit.ru
bfa.ru
bgf-bank.ru
bktb.ru
blanc.ru
bm-bank.ru
bnal.ru
bnpparibasbank.ru
boc.ru
bonuspartner.ru
bsbank.ru
bspb.ru
bstbank.ru
business-credit.ru
ca-cib.ru
capital-bank.ru
capitalbank.ru
capitalkredit.ru
cardcredit.ru
cardzenit.ru
ccb.cn
ccb.ru
ccbrussia.ru
centrinvest.ru
chelind.ru
chelindclub.ru
chelinvest.ru
cibank.ru
cibl.ru
cifra-bank.ru
clickstream.ru
cmrbank.ru
coalmetbank.ru
comfortcredit.ru
commerzbank.ru
corona-perevod.com
coronaperevod.com
cosmos-bank.ru
cr20.ccb2.ru
cred.metib.ru
credit-zenit.ru
crediteurope.ru
creditural.ru
crocusbank.ru
custody.ru
dalenabank.ru
daricard.ru
databank.ru
db-ccm.dbmoscow.ru
dcapital.ru
delo.ru
dengi.ru
denizbank.ru
derzhava.ru
deutsche-bank.ru
deutschebank.ru
developer.131.ru
developers.rshb.pro
dolinskbank.ru
domrfbank.ru
doncombank.ru
donteksbank.ru
dsrnko.ru
dtb1.ru
dvbank.ru
earco.ru
eatpbank.ru
eco-invest.ru
econombank.ru
efis-nco.ru
el-plat.ru
elecsnet.ru
eleksir.finance
energobank.ru
energotransbank.com
er-fin.com
ermakbank.ru
etbank.ru
euroalliance.ru
events.online.gpb.ru
everyx.ru
evrofinance.ru
exibank.ru
eximbank.ru
expobank.ru
finambank.ru
finance.ozon.ru
finbank.ru
finsb.ru
finstarbank.ru
fintender.ru
forabank.ru
forshtadt.ru
gazprombank.ru
gazprombank.tech
gazprompay.ru
gebank.ru
genbank.ru
gethalva.ru
gift-cards.ru
gorbank.spb.ru
gorodpay.ru
gpb.ru
granat.az
granatpay.ru
gutabank.ru
halva.email
halva.energy
halva.im
halva.promo
halva.tel
halvacard.ru
halvaclub.ru
help.motivpay.ru
hicebank.ru
home.bank
homebank.ru
homecredit.ru
hva.im
i.doktor.kr
ibam.ru
ibamoscow.ru
ibank2.bankvyatich.ru
icbcmoscow.ru
icbru.ru
in-bank.ru
ing.ru
ingobank.ru
inkakhran.ru
instant-pay.ru
interbanking.ru
invb.ru
ipb.ru
isin.ru
itb.ru
itbank.ru
iturupbank.ru
jpmorgan.ru
kamkombank.ru
kb-tub.ru
kbagora.ru
kbb.ru
kbhmb.ru
kbsammit.ru
kebrus.ru
kk.bank
kk.ru
kkbank.ru
klookva.ru
kmb.ru
kontur.ru
korona-perevod.com
korona.com
koronapay.ru
koronaperevod.com
koronaperevod.ru
koshelev-bank.ru
kpk-korona.ru
kremlinbank.ru
krona-bank.ru
ktbra.kubantorgbank.ru
kuban-credit.biz
kuban-credit.com
kuban-credit.net
kuban-credit.su
kuban-kredit.biz
kuban-kredit.com
kuban-kredit.net
kuban-kredit.su
kuban.credit
kubancredit.biz
kubancredit.com
kubancredit.net
kubank.ru
kubankredit.biz
kubankredit.com
kubankredit.net
kubankredit.ru
kubcred.ru
kubkred.ru
kuzbank.ru
kuzbasshimbank.ru
kvtb.ru
lanta.ru
lazarusfinance.ru
lbb.ru
lccnco.ru
lei-code.ru
locko-bank.info
locko-bank.su
lockobank.ru
lockobank.su
lockomarket.ru
lokobank.ru
m.uralfd.ru
mail.kamkombank.pro
maritimebank.com
mbbru.ru
mbrus-bank.ru
mcbank.ru
mcbankrus.ru
mcplat.ru
metallinvestbank.ru
metallurgbank.ru
metcom.ru
mfk-bank.ru
mia.ru
mizuhogroup.com
mkb.ru
modulbank.ru
moneta.ru
money.mail.ru
moscombank.ru
moskb.ru
mosoblbank.ru
mp-bank.ru
mspbank.ru
mtcfinance.ru
mtsbank.ru
mufg.ru
mvs-bank.ru
nationalclearingcenter.com
nationalclearingcenter.ru
nbdbank.ru
nbsrf.ru
ncc-qccp.com
ncc-qccp.ru
ndb24.ru
newbank.ru
nib-samara.ru
nico-bank.ru
nipbank.ru
nkbank.ru
nko-rr.ru
nkoistina.ru
nkomobi.ru
noda.finance
nodabank.ru
noosferabank.ru
norvikbank.ru
novikom.ru
novobank.ru
novokib.ru
np.atlascard.ru
nrb.ru
ns-bank.ru
nsbank.ru
nsd.ru
nsddata.ru
nskbl.ru
ntx-bank.ru
okbank.ru
olabank.ru
olaclub.ru
olmapay.ru
onetwoauto.ru
onlinecredit.ru
open-broker.ru
open.ru
orbank.ru
originbank.ru
otpbank.ru
payanyway.ru
paycenter.ru
paymentcenter.ru
paymentkit.ru
perevod-korona.biz
perevod-korona.info
perevod-korona.org
perevod-korona.pro
perevod-korona.ru
perevod-korona.su
perevodkorona.com
perevodkorona.ru
pervbank.ru
pikhtabank.ru
pochtabank.ru
poidem.ru
pokupay.ru
polza.home.bank
portal-da.ru
primbank.ru
priobye.ru
priovtb.com
private-banking.ru
probank.pro
procombank.com
procombank.ru
procommercebank.ru
profilbank.ru
prostobank.online
prvbank.ru
psbank.ru
psblog.ru
pscb.ru
pshb.ru
pskb.com
ptkb.ru
pvubank.com
raif.ru
raiffeisen-media.ru
raiffeisen.ru
raiffeisenbank.ru
rbabank.ru
rc-bank.ru
rdb.ru
realistbank.ru
rencapbank.ru
rencredit.ru
resocreditbank.ru
retail.etf-int.ru
rinkas.ru
rk-bank.ru
rkbank.ru
rkcdv.ru
rko.norvik.ru
rncofl.ru
rncoluminis.ru
rnko.ru
rosbank-auto.ru
rosbank.ru
roscap.com
roscap.ru
rosevrobank.ru
rostfinance.ru
round.ru
royal-bank.ru"
rrb.ru
rrbank.ru
rsb.ru
rsbank.ru
rshb.ru
rshbdigital.ru
ru.abchina.com
ru.ccb.com
rusagrobank.com
rusbsbank.ru
rusfincorp.ru
rusnarbank.ru
russitabank.ru
rzb.ru
samoletbank.ru
sbank.com.ru
sber.ru
sberbank.com
sberbank.ru
sberbank1.ru
sberbankaktivno.ru
sberindex.ru
sberminor.ru
sbertv.ru
sbionline.ru
sbnk.ru
sbpgpb.ru
sbrf.ru
scb.im
sdco.ru
sdm.ru
seb.ru
selkombank.ru
selmashbank.ru
severgazbank.ru
severstroybank35.ru
sevnb.ru
sibsoc.ru
sinara-finance.ru
sinara.ru
sinko-bank.ru
slavbank.ru
slavia-bank.com
slavia-bank.ru
slaviabank.com
slaviabank.ru
slbank.ru
smbcr-bank.ru
snbank.ru
sngb.ru
socium-bank.ru
solid.ru
solidbank.ru
sovcombank.business
sovcombank.com
sovcombank.credit
sovcombank.info
sovcombank.ru
spbbank.com
spbbank.ru
spbclearing.ru
spsc.ru
srbank.ru
ssb.msk.ru
ssb35.ru
superteka.ru
svoe-rodnoe.ru
svoe-selo.ru
svoe-zagorodom.ru
svoe.ru
svoedom.ru
svoefermerstvo.ru
svoevagro.ru
svoevse.ru
svoi.ru
tagbank.ru
taidon.ru
tatsotsbank.ru
tbank.ru
teleportbank.ru
thbank.ru
timerbank.ru
tinkoff.ru
tkbbank.ru
tkpb.ru
tochka.com
toyota-bank.ru
toyotafs.ru
tpsbank.tomsk.ru
transstroibank.ru
transstroybank.ru
trust.ru
tsbnk.ru
ubrr.cashbackforce.ru
ubrr.ru
ubs.com
ufb.ru
ufd-pb.ru
unicredit.ru
unicreditbank.ru
unistream.com
unistream.ru
united.ru
uralexpress.ru
uralfd.ru
uralfinance.ru
uralprombank.ru
uralsib.ru
urban-card.ru
vakobank.com
vbrr.ru
venets-bank.ru
vfbank.ru
vikingbank.ru
vitabank.ru
vitabank.spb.ru
vlb100.ru
vostbank.ru
vtb.bank.in
vtb.com
vtb.corp.ru
vtb.fut.ru
vtb.promo
vtb.ru
vtb24.ru
vtbfamily.ru
vtbrussia.ru
vtbstrana.ru
waybank.ru
wb-bank.ru
westernunion.ru
woori.ru
wumte.ru
www.cbrca.ru
yabank.yandex.ru
yarinterbank.ru
yoobusiness.ru
yookassa.ru
yoomoney.ru
yoosoft.ru
ypmn.ru
zemcombank.ru
zemsky.ru
zenit-card.ru
zenit-clubchampion.ru
zenit-partners.ru
zenit.ru
zenitcard.ru
zhivagobank.ru
ziraatbank.ru
zolotayakorona.ru
агророс.рф
александровскийбанк.рф
астрасенд.рф
банк-мскб.рф
банк-рк.рф
банкрк.рф
банкстоличныйкредит.рф
вакобанк.рф
втб.рф
единаякасса.рф
ипотека.рф
кбстоличныйкредит.рф
кубанкредит.рф
кубань-кредит.com
кубань-кредит.net
кубань-кредит.su
кубанькредит.com
кубанькредит.net
кубанькредит.su
кубанькредитбанк.рф
локо-банк.рф
локобанк.рф
москомбанк.рф
норвикбанк.рф
нрд.рф
отличныйбанк.рф
рбабанк.рф
рк-банк.рф
ркбанк.рф
северстройбанк.рф
славиябанк.рф
солидарностьбанк.рф
хочуконтракт.рф
хочукредит.рф
центррасчетов.рф
чбрр.рф
челинвест.рф
челиндбанк.рф
энерготрансбанк.рф